alpha=0.0 s0...
    a=0.0 s0 step 500: loss 0.0166
    a=0.0 s0 step 1000: loss 0.0059
    a=0.0 s0 step 1500: loss 0.0145
  final 0.0167  finite True  (calls incl. 4 diagnostic probes: {'exact_grad': 4, 'exact_lambda': 4})
alpha=0.0 s1...
    a=0.0 s1 step 500: loss 0.0603
    a=0.0 s1 step 1000: loss 0.0356
    a=0.0 s1 step 1500: loss 0.0028
  final 0.0031  finite True  (calls incl. 4 diagnostic probes: {'exact_grad': 4, 'exact_lambda': 4})
alpha=0.0 s2...
    a=0.0 s2 step 500: loss 0.0550
    a=0.0 s2 step 1000: loss 0.0070
    a=0.0 s2 step 1500: loss 0.0021
  final 0.0025  finite True  (calls incl. 4 diagnostic probes: {'exact_grad': 4, 'exact_lambda': 4})
alpha=0.0 s3...
    a=0.0 s3 step 500: loss 0.0589
    a=0.0 s3 step 1000: loss 0.0425
    a=0.0 s3 step 1500: loss 0.0589
  final 0.0889  finite True  (calls incl. 4 diagnostic probes: {'exact_grad': 4, 'exact_lambda': 4})
alpha=0.0 s4...
    a=0.0 s4 step 500: loss 0.0167
    a=0.0 s4 step 1000: loss 0.0060
    a=0.0 s4 step 1500: loss 0.0076
  final 0.0073  finite True  (calls incl. 4 diagnostic probes: {'exact_grad': 4, 'exact_lambda': 4})
alpha=0.5 s0...
    a=0.5 s0 step 500: loss 0.0460
    a=0.5 s0 step 1000: loss 0.6124
/Users/alessandrodurso/Documents/prospective-s5/prospective_kappa.py:193: RuntimeWarning: overflow encountered in multiply
  + gN_theta * (-u_mode) * A.imag
/Users/alessandrodurso/Documents/prospective-s5/prospective_kappa.py:196: RuntimeWarning: overflow encountered in multiply
  + gN_theta * (u_mode) * A.real
/Users/alessandrodurso/Documents/prospective-s5/prospective_kappa.py:198: RuntimeWarning: invalid value encountered in multiply
  out.append(du + 1j * dv)
/Users/alessandrodurso/Documents/prospective-s5/bootstrap_teacher_f1.py:114: RuntimeWarning: invalid value encountered in multiply
  w = [wl - LR_M * (-LR) * rb for wl, rb in zip(w, r_boot)]
    a=0.5 s0 step 1500: loss nan
  final nan  finite False  (calls incl. 4 diagnostic probes: {'exact_grad': 4, 'exact_lambda': 4})
alpha=0.5 s1...
    a=0.5 s1 step 500: loss 0.1016
    a=0.5 s1 step 1000: loss 0.1178
    a=0.5 s1 step 1500: loss 0.2091
  final 0.1373  finite True  (calls incl. 4 diagnostic probes: {'exact_grad': 4, 'exact_lambda': 4})
alpha=0.5 s2...
    a=0.5 s2 step 500: loss 0.1089
    a=0.5 s2 step 1000: loss 0.1923
    a=0.5 s2 step 1500: loss 0.1101
  final 0.1086  finite True  (calls incl. 4 diagnostic probes: {'exact_grad': 4, 'exact_lambda': 4})
alpha=0.5 s3...
/Users/alessandrodurso/Documents/prospective-s5/.venv/lib/python3.14/site-packages/numpy/_core/_methods.py:49: RuntimeWarning: overflow encountered in reduce
  return umr_sum(a, axis, dtype, out, keepdims, initial, where)
/Users/alessandrodurso/Documents/prospective-s5/co_variational_metric.py:115: RuntimeWarning: overflow encountered in square
  v = 0.999 * v + 0.001 * g ** 2
    a=0.5 s3 step 500: loss nan
    a=0.5 s3 step 1000: loss nan
    a=0.5 s3 step 1500: loss nan
  final nan  finite False  (calls incl. 4 diagnostic probes: {'exact_grad': 4, 'exact_lambda': 4})
alpha=0.5 s4...
    a=0.5 s4 step 500: loss 0.1292
    a=0.5 s4 step 1000: loss 0.1111
    a=0.5 s4 step 1500: loss 0.0953
  final 0.0927  finite True  (calls incl. 4 diagnostic probes: {'exact_grad': 4, 'exact_lambda': 4})
alpha=1.0 s0...
    a=1.0 s0 step 500: loss 0.0520
    a=1.0 s0 step 1000: loss 0.2109
    a=1.0 s0 step 1500: loss nan
  final nan  finite False  (calls incl. 4 diagnostic probes: {'exact_grad': 4, 'exact_lambda': 4})
alpha=1.0 s1...
    a=1.0 s1 step 500: loss 0.0814
    a=1.0 s1 step 1000: loss 0.0498
    a=1.0 s1 step 1500: loss 0.2287
  final 0.2404  finite True  (calls incl. 4 diagnostic probes: {'exact_grad': 4, 'exact_lambda': 4})
alpha=1.0 s2...
    a=1.0 s2 step 500: loss 0.4093
    a=1.0 s2 step 1000: loss nan
    a=1.0 s2 step 1500: loss nan
  final nan  finite False  (calls incl. 4 diagnostic probes: {'exact_grad': 4, 'exact_lambda': 4})
alpha=1.0 s3...
    a=1.0 s3 step 500: loss 0.9323
    a=1.0 s3 step 1000: loss nan
    a=1.0 s3 step 1500: loss nan
  final nan  finite False  (calls incl. 4 diagnostic probes: {'exact_grad': 4, 'exact_lambda': 4})
alpha=1.0 s4...
    a=1.0 s4 step 500: loss 0.2767
    a=1.0 s4 step 1000: loss 0.0964
    a=1.0 s4 step 1500: loss 0.0980
  final 0.0977  finite True  (calls incl. 4 diagnostic probes: {'exact_grad': 4, 'exact_lambda': 4})
G1 alpha=0 == stored PC0: max |dfinal| 0.00e+00
G2 training-phase BPTT calls: {'exact_grad': 40, 'exact_lambda': 40} (0 required)
G3 step-1 losses identical across arms: True
(diagnostic probes: 20 exact_grad evals, accounted separately)
------------------------------------------------------------------------------
  a=0.0  ['0.0167', '0.0031', '0.0025', '0.0889', '0.0073']  med 0.0073
  a=0.5  ['nan', '0.1373', '0.1086', 'nan', '0.0927']  med nan
  a=1.0  ['nan', '0.2404', 'nan', 'nan', '0.0977']  med nan
  PC0 median reference: 0.0073
teacher alignment (medians over checkpoints/seeds):
  a=0.0  cos(g_boot,g_exact) +0.499  |g| ratio 0.53  cos(r_boot,r_exact) +0.601  |r| ratio 0.96
  a=0.5  cos(g_boot,g_exact) +nan  |g| ratio nan  cos(r_boot,r_exact) +nan  |r| ratio nan
  a=1.0  cos(g_boot,g_exact) +nan  |g| ratio nan  cos(r_boot,r_exact) +nan  |r| ratio nan
paired wins vs PC0: {0.5: 0, 1.0: 0}
PRIMARY PREDICTION (L_alpha>0 < PC0 median on most paired seeds): NOT CONFIRMED
wrote summary.json
