seed 0: routeA retrain + checkpoint probes...
    seed 0 step 500: loss 0.0043
    seed 0 step 1000: loss 0.0026
    seed 0 step 1500: loss 0.0013
  final loss 0.0015
  s0 n= 250  cos [0.345, 0.425, 0.765, 1.0]  rel [0.969, 0.945, 0.815, 0.0]  MRL [0.779, 0.871, 0.84, 0.869]
  s0 n= 500  cos [0.375, 0.468, 0.828, 1.0]  rel [1.385, 0.888, 0.567, 0.0]  MRL [0.585, 0.74, 0.779, 0.938]
  s0 n=1000  cos [0.48, 0.271, 0.548, 1.0]  rel [0.938, 0.973, 0.866, 0.0]  MRL [0.512, 0.634, 0.783, 0.907]
  s0 n=1500  cos [0.22, 0.408, 0.7, 1.0]  rel [1.024, 0.924, 0.73, 0.0]  MRL [0.471, 0.49, 0.744, 0.948]
seed 1: routeA retrain + checkpoint probes...
    seed 1 step 500: loss 0.0279
    seed 1 step 1000: loss 0.0032
    seed 1 step 1500: loss 0.0007
  final loss 0.0009
  s1 n= 250  cos [0.331, 0.094, 0.712, 1.0]  rel [0.974, 1.006, 0.807, 0.0]  MRL [0.76, 0.472, 0.885, 0.886]
  s1 n= 500  cos [0.63, 0.625, 0.578, 1.0]  rel [0.951, 0.973, 0.828, 0.0]  MRL [0.624, 0.478, 0.601, 0.793]
  s1 n=1000  cos [0.46, 0.117, 0.573, 1.0]  rel [1.01, 1.029, 0.84, 0.0]  MRL [0.754, 0.423, 0.748, 0.866]
  s1 n=1500  cos [0.391, 0.308, 0.581, 1.0]  rel [0.995, 1.05, 0.947, 0.0]  MRL [0.755, 0.383, 0.758, 0.961]
seed 2: routeA retrain + checkpoint probes...
    seed 2 step 500: loss 0.0194
    seed 2 step 1000: loss 0.0017
    seed 2 step 1500: loss 0.0015
  final loss 0.0016
  s2 n= 250  cos [0.229, 0.586, 0.617, 1.0]  rel [1.034, 0.87, 0.859, 0.0]  MRL [0.692, 0.762, 0.841, 0.86]
  s2 n= 500  cos [0.199, 0.853, 0.745, 1.0]  rel [0.987, 0.843, 0.702, 0.0]  MRL [0.686, 0.821, 0.777, 0.831]
  s2 n=1000  cos [0.187, 0.277, 0.419, 1.0]  rel [1.006, 0.983, 0.924, 0.0]  MRL [0.672, 0.855, 0.924, 0.981]
  s2 n=1500  cos [0.155, 0.758, 0.313, 1.0]  rel [0.995, 0.905, 0.968, 0.0]  MRL [0.728, 0.605, 0.816, 0.907]
seed 3: routeA retrain + checkpoint probes...
    seed 3 step 500: loss 0.0233
    seed 3 step 1000: loss 0.0249
    seed 3 step 1500: loss 0.0243
  final loss 0.0248
  s3 n= 250  cos [0.314, 0.279, 0.892, 1.0]  rel [0.955, 1.194, 0.535, 0.0]  MRL [0.716, 0.569, 0.865, 0.832]
  s3 n= 500  cos [0.699, 0.256, 0.855, 1.0]  rel [0.918, 1.566, 0.537, 0.0]  MRL [0.624, 0.528, 0.799, 0.791]
  s3 n=1000  cos [0.399, 0.939, 0.907, 1.0]  rel [0.95, 4.704, 0.436, 0.0]  MRL [0.599, 0.462, 0.777, 0.791]
  s3 n=1500  cos [0.26, 0.978, 0.924, 1.0]  rel [0.995, 3.087, 0.419, 0.0]  MRL [0.599, 0.469, 0.782, 0.792]
seed 4: routeA retrain + checkpoint probes...
    seed 4 step 500: loss 0.0069
    seed 4 step 1000: loss 0.0029
    seed 4 step 1500: loss 0.0013
  final loss 0.0018
  s4 n= 250  cos [0.699, 0.571, 0.585, 1.0]  rel [0.751, 0.835, 0.816, 0.0]  MRL [0.839, 0.631, 0.894, 0.926]
  s4 n= 500  cos [0.645, 0.609, 0.79, 1.0]  rel [0.835, 0.943, 0.738, 0.0]  MRL [0.846, 0.767, 0.94, 0.926]
  s4 n=1000  cos [0.758, 0.271, 0.584, 1.0]  rel [0.856, 1.329, 0.879, 0.0]  MRL [0.882, 0.589, 0.897, 0.891]
  s4 n=1500  cos [0.737, 0.326, 0.344, 1.0]  rel [0.696, 1.079, 1.113, 0.0]  MRL [0.852, 0.722, 0.91, 0.89]
item 6: frozen-batch noise var 6.351e+09  training ||dr||^2 2.877e+12  fraction 0.00
wrote summary.json
