/Users/alessandrodurso/Documents/prospective-s5/route_pc_pro.py:132: RuntimeWarning: overflow encountered in scalar multiply
  else r + kappa * (r - r_prev)
/Users/alessandrodurso/Documents/prospective-s5/route_pc_pro.py:133: RuntimeWarning: invalid value encountered in scalar subtract
  w = w - alpha * r_pro
SANITY (synthetic moving optimum):
  (i) kappa=0 bitwise reproducible: True
  (ii) sinusoid RMS: kappa=0 0.19159; sweep {0.1: 0.19141, 0.25: 0.19113, 0.5: 0.19066, 1.0: 0.1897, 2.0: 0.18771} (best 2.0, monotone-to-boundary: True)
  (iii) linear-drift asymptotic RMS vs kappa: {0.0: 0.01, 0.5: 0.01, 1.0: 0.01} (invariant: True)
  (iv) kappa=8 unstable/degraded: True
  -> PASS
reference finals (route_pc.py): {'online': {'0': 0.0727, '1': 0.0224, '2': 0.0284, '3': 0.0109, '4': 0.0118}, 'routeA': {'0': 0.0015, '1': 0.0009, '2': 0.0016, '3': 0.0248, '4': 0.0018}, 'pc_b0.0': {'0': 0.0167, '1': 0.0031, '2': 0.0025, '3': 0.0889, '4': 0.0073}}
pro k=0.0 s0 (stationary)...
  final 0.0167  finite True  |w|max 318.2  rms_dphi 0.0374
pro k=0.0 s1 (stationary)...
  final 0.0031  finite True  |w|max 382.0  rms_dphi 0.0329
pro k=0.0 s2 (stationary)...
  final 0.0025  finite True  |w|max 2974.9  rms_dphi 0.0404
pro k=0.0 s3 (stationary)...
  final 0.0889  finite True  |w|max 87791.8  rms_dphi 0.0375
pro k=0.0 s4 (stationary)...
  final 0.0073  finite True  |w|max 431.9  rms_dphi 0.0351
pro k=0.1 s0 (stationary)...
  final 0.0081  finite True  |w|max 192.5  rms_dphi 0.0369
pro k=0.1 s1 (stationary)...
  final 0.0110  finite True  |w|max 520.6  rms_dphi 0.0332
pro k=0.1 s2 (stationary)...
  final 0.0428  finite True  |w|max 13530.8  rms_dphi 0.0452
pro k=0.1 s3 (stationary)...
  final 0.0646  finite True  |w|max 174429.7  rms_dphi 0.0408
pro k=0.1 s4 (stationary)...
  final 0.0083  finite True  |w|max 597.0  rms_dphi 0.0396
pro k=0.25 s0 (stationary)...
  final 0.0063  finite True  |w|max 803.5  rms_dphi 0.0448
pro k=0.25 s1 (stationary)...
  final 0.0069  finite True  |w|max 248.6  rms_dphi 0.0328
pro k=0.25 s2 (stationary)...
  final 0.0344  finite True  |w|max 1437.2  rms_dphi 0.0442
pro k=0.25 s3 (stationary)...
  final 0.0333  finite True  |w|max 2280.2  rms_dphi 0.0251
pro k=0.25 s4 (stationary)...
  final 0.0033  finite True  |w|max 1775.3  rms_dphi 0.0327
pro k=0.5 s0 (stationary)...
  final 0.0043  finite True  |w|max 753.6  rms_dphi 0.0336
pro k=0.5 s1 (stationary)...
  final 0.0145  finite True  |w|max 635.9  rms_dphi 0.0343
pro k=0.5 s2 (stationary)...
  final 0.0165  finite True  |w|max 1334.5  rms_dphi 0.0420
pro k=0.5 s3 (stationary)...
  final 0.0347  finite True  |w|max 2485.4  rms_dphi 0.0233
pro k=0.5 s4 (stationary)...
  final 0.0027  finite True  |w|max 1293.1  rms_dphi 0.0384
pro k=1.0 s0 (stationary)...
  final 0.0085  finite True  |w|max 224.0  rms_dphi 0.0326
pro k=1.0 s1 (stationary)...
  final 0.0122  finite True  |w|max 254.4  rms_dphi 0.0369
pro k=1.0 s2 (stationary)...
  final 0.0278  finite True  |w|max 2207.0  rms_dphi 0.0412
pro k=1.0 s3 (stationary)...
  final 0.0357  finite True  |w|max 3671.3  rms_dphi 0.0242
pro k=1.0 s4 (stationary)...
  final 0.0009  finite True  |w|max 335.7  rms_dphi 0.0344
kappa=0 vs stored PC0: max |dfinal| 0.00e+00 (bitwise expected)
wmom b=0.25 s0...
      pc(b=0.25) s0 step 200: loss 0.0752  max|a| 0.9955
      pc(b=0.25) s0 step 400: loss 0.0482  max|a| 0.9955
      pc(b=0.25) s0 step 600: loss 0.0238  max|a| 0.9957
      pc(b=0.25) s0 step 800: loss 0.0075  max|a| 0.9957
      pc(b=0.25) s0 step 1000: loss 0.0077  max|a| 0.9958
      pc(b=0.25) s0 step 1200: loss 0.0024  max|a| 0.9963
      pc(b=0.25) s0 step 1400: loss 0.0021  max|a| 0.9962
  final 0.0019
wmom b=0.25 s1...
      pc(b=0.25) s1 step 200: loss 0.0834  max|a| 0.9950
      pc(b=0.25) s1 step 400: loss 0.0785  max|a| 0.9950
      pc(b=0.25) s1 step 600: loss 0.0684  max|a| 0.9950
      pc(b=0.25) s1 step 800: loss 0.0478  max|a| 0.9950
      pc(b=0.25) s1 step 1000: loss 0.0230  max|a| 0.9950
      pc(b=0.25) s1 step 1200: loss 0.0172  max|a| 0.9951
      pc(b=0.25) s1 step 1400: loss 0.0243  max|a| 0.9952
  final 0.0238
wmom b=0.25 s2...
      pc(b=0.25) s2 step 200: loss 0.0983  max|a| 0.9953
      pc(b=0.25) s2 step 400: loss 0.0535  max|a| 0.9956
      pc(b=0.25) s2 step 600: loss 0.0519  max|a| 0.9959
      pc(b=0.25) s2 step 800: loss 0.0329  max|a| 0.9959
      pc(b=0.25) s2 step 1000: loss 0.0326  max|a| 0.9960
      pc(b=0.25) s2 step 1200: loss 0.0255  max|a| 0.9960
      pc(b=0.25) s2 step 1400: loss 0.0111  max|a| 0.9960
  final 0.0132
wmom b=0.25 s3...
      pc(b=0.25) s3 step 200: loss 0.0841  max|a| 0.9950
      pc(b=0.25) s3 step 400: loss 0.0535  max|a| 0.9949
      pc(b=0.25) s3 step 600: loss 0.0463  max|a| 0.9950
      pc(b=0.25) s3 step 800: loss 0.0390  max|a| 0.9950
      pc(b=0.25) s3 step 1000: loss 0.0385  max|a| 0.9950
      pc(b=0.25) s3 step 1200: loss 0.0338  max|a| 0.9950
      pc(b=0.25) s3 step 1400: loss 0.0393  max|a| 0.9950
  final 0.0480
wmom b=0.25 s4...
      pc(b=0.25) s4 step 200: loss 0.0369  max|a| 0.9956
      pc(b=0.25) s4 step 400: loss 0.0528  max|a| 0.9951
      pc(b=0.25) s4 step 600: loss 0.0164  max|a| 0.9952
      pc(b=0.25) s4 step 800: loss 0.0275  max|a| 0.9947
      pc(b=0.25) s4 step 1000: loss 0.0049  max|a| 0.9947
      pc(b=0.25) s4 step 1200: loss 0.0061  max|a| 0.9947
      pc(b=0.25) s4 step 1400: loss 0.0031  max|a| 0.9947
  final 0.0078
pro k=0.0 s0 (moving delay)...
  final 0.1894  finite True  |w|max 9549.7  rms_dphi 0.0437
pro k=0.0 s1 (moving delay)...
  final 0.1698  finite True  |w|max 8496.7  rms_dphi 0.0457
pro k=0.0 s2 (moving delay)...
  final 0.1772  finite True  |w|max 9076.8  rms_dphi 0.0301
pro k=0.0 s3 (moving delay)...
  final 0.1653  finite True  |w|max 2346.8  rms_dphi 0.0443
pro k=0.0 s4 (moving delay)...
  final 0.1789  finite True  |w|max 4687.6  rms_dphi 0.0246
pro k=0.1 s0 (moving delay)...
  final 0.2170  finite True  |w|max 40676.3  rms_dphi 0.0414
pro k=0.1 s1 (moving delay)...
  final 0.1755  finite True  |w|max 1974.1  rms_dphi 0.0367
pro k=0.1 s2 (moving delay)...
  final 0.1832  finite True  |w|max 6378.3  rms_dphi 0.0299
pro k=0.1 s3 (moving delay)...
  final 0.1616  finite True  |w|max 3862.2  rms_dphi 0.0441
pro k=0.1 s4 (moving delay)...
  final 0.1720  finite True  |w|max 5465.7  rms_dphi 0.0235
pro k=0.25 s0 (moving delay)...
  final 0.1933  finite True  |w|max 11385.2  rms_dphi 0.0414
pro k=0.25 s1 (moving delay)...
  final 0.1701  finite True  |w|max 11358.2  rms_dphi 0.0388
pro k=0.25 s2 (moving delay)...
  final 0.1795  finite True  |w|max 7596.7  rms_dphi 0.0309
pro k=0.25 s3 (moving delay)...
  final 0.1559  finite True  |w|max 1604.5  rms_dphi 0.0423
pro k=0.25 s4 (moving delay)...
  final 0.1725  finite True  |w|max 4631.8  rms_dphi 0.0279
pro k=0.5 s0 (moving delay)...
  final 0.2771  finite True  |w|max 171232.2  rms_dphi 0.0443
pro k=0.5 s1 (moving delay)...
  final 0.1807  finite True  |w|max 6007.1  rms_dphi 0.0376
pro k=0.5 s2 (moving delay)...
  final 0.1822  finite True  |w|max 4789.6  rms_dphi 0.0295
pro k=0.5 s3 (moving delay)...
  final 0.1526  finite True  |w|max 1515.6  rms_dphi 0.0419
pro k=0.5 s4 (moving delay)...
  final 0.1992  finite True  |w|max 5001.5  rms_dphi 0.0331
pro k=1.0 s0 (moving delay)...
  final 0.1749  finite True  |w|max 3376.5  rms_dphi 0.0406
pro k=1.0 s1 (moving delay)...
  final 0.1885  finite True  |w|max 15403.8  rms_dphi 0.0389
pro k=1.0 s2 (moving delay)...
  final 0.1667  finite True  |w|max 5674.7  rms_dphi 0.0279
pro k=1.0 s3 (moving delay)...
  final 0.1937  finite True  |w|max 23107.8  rms_dphi 0.0412
pro k=1.0 s4 (moving delay)...
  final 0.2782  finite True  |w|max 11223654.4  rms_dphi 0.0427
BPTT calls during ALL PC-pro/wmom arms: {'exact_grad': 0, 'exact_lambda': 0} (must be zero)
drift/noise (stationary): t 19.16  ac1 +0.744
drift/noise (moving):     t 11.92  ac1 +0.575
geometry movement (rms dphi, PC0): stationary 0.0374  moving 0.0437  -> premise WEAK — flag the moving comparison
------------------------------------------------------------------------------
stationary: PC0 median 0.0073; sweep: {0.1: 0.011, 0.25: 0.0069, 0.5: 0.0145, 1.0: 0.0122}
            wins vs PC0: {0.1: 2, 0.25: 3, 0.5: 3, 1.0: 3}
            R_gap:       {0.1: 0.53, 0.25: 0.85, 0.5: 0.91, 1.0: 0.9}
wmom (b=0.25): median 0.0132
moving:     PC0 median 0.1772; sweep: {0.1: 0.1755, 0.25: 0.1725, 0.5: 0.1822, 1.0: 0.1885}
            wins vs PC0: {0.1: 0, 0.25: 0, 0.5: 0, 1.0: 0}
kappa=0 == stored PC0: True (max diff 0.0e+00)
VERDICT: CORRECTION ONLY
wrote summary.json  (2329s total)
