stationary s0: recording complex residual series...
  t_vec(dr) 0.02  ac1(dr) +0.108  t_vec(r) 6.29  ac1(r) +0.920
stationary s1: recording complex residual series...
  t_vec(dr) 0.02  ac1(dr) +0.211  t_vec(r) 9.98  ac1(r) +0.837
stationary s2: recording complex residual series...
  t_vec(dr) 0.01  ac1(dr) +0.243  t_vec(r) 10.97  ac1(r) +0.501
stationary s3: recording complex residual series...
  t_vec(dr) 0.00  ac1(dr) +0.514  t_vec(r) 3.84  ac1(r) +0.918
stationary s4: recording complex residual series...
  t_vec(dr) 0.02  ac1(dr) +0.100  t_vec(r) 8.37  ac1(r) +0.834
  stationary medians: t_vec(dr) 0.02  ac1(dr) +0.211  ac1(r) +0.837
moving s0: recording complex residual series...
  t_vec(dr) 0.02  ac1(dr) +0.198  t_vec(r) 9.12  ac1(r) +0.928
moving s1: recording complex residual series...
  t_vec(dr) 0.00  ac1(dr) +0.077  t_vec(r) 2.99  ac1(r) +0.893
moving s2: recording complex residual series...
  t_vec(dr) 0.01  ac1(dr) +0.085  t_vec(r) 16.98  ac1(r) +0.910
moving s3: recording complex residual series...
  t_vec(dr) 0.01  ac1(dr) +0.054  t_vec(r) 6.88  ac1(r) +0.923
moving s4: recording complex residual series...
  t_vec(dr) 0.02  ac1(dr) +0.087  t_vec(r) 11.77  ac1(r) +0.883
  moving medians: t_vec(dr) 0.01  ac1(dr) +0.085  ac1(r) +0.910
wrote drift_audit.json
